// Jest Snapshot v1, https://goo.gl/fbAQLP

exports[`(Component) ConsentDial should render 1`] = `
<GraphCard
  cols={2}
  data={
    Array [
      Object {
        "x": "Consented",
        "y": undefined,
      },
      Object {
        "x": "Not Consented",
        "y": undefined,
      },
    ]
  }
  text="100% of subjects have consented"
  title="Consented Vs Not Consented Subjects"
/>
`;

exports[`(Component) ConsentDial should render if numbers are 0 1`] = `
<GraphCard
  cols={2}
  data={
    Array [
      Object {
        "x": "Consented",
        "y": undefined,
      },
      Object {
        "x": "Not Consented",
        "y": undefined,
      },
    ]
  }
  text="100% of subjects have consented"
  title="Consented Vs Not Consented Subjects"
/>
`;
