// Jest Snapshot v1, https://goo.gl/fbAQLP

exports[`(Component) SubjectList should render 1`] = `
<React.Fragment>
  <TableCard
    cols={12}
    columns={
      Object {
        "consented_on": Object {
          "title": "Consented",
        },
        "email": Object {
          "title": "Email",
        },
        "firstname": Object {
          "title": "First Name",
        },
        "id": Object {
          "title": "ID",
        },
      }
    }
    rows={
      Array [
        Object {
          "consented_on": "Invalid Date",
          "email": "test@test.com",
          "firstname": "test",
          "id": "0x0",
        },
      ]
    }
    title="Subjects"
  />
</React.Fragment>
`;

exports[`(Component) SubjectList should render if loading 1`] = `
<React.Fragment>
  <TableCard
    cols={12}
    columns={
      Object {
        "consented_on": Object {
          "title": "Consented",
        },
        "email": Object {
          "title": "Email",
        },
        "firstname": Object {
          "title": "First Name",
        },
        "id": Object {
          "title": "ID",
        },
      }
    }
    rows={
      Array [
        Object {
          "consented_on": "Invalid Date",
          "email": "test@test.com",
          "firstname": "test",
          "id": "0x0",
        },
      ]
    }
    title="Subjects"
  />
</React.Fragment>
`;
