// Jest Snapshot v1, https://goo.gl/fbAQLP

exports[`(Component) Login should render correctly 1`] = `
<section
  className="login-section"
>
  <div
    className="login-card"
  >
    <React.Fragment>
      <img
        alt="Clear logo"
        className="logo"
        src="logo.png"
      />
      <Form
        onSubmit={[Function]}
      />
    </React.Fragment>
  </div>
</section>
`;
