// Jest Snapshot v1, https://goo.gl/fbAQLP

exports[`(Container) SubjectsList should render correctly 1`] = `
<div>
  <SubjectsList
    errorState={false}
    isLoading={false}
    loading={true}
    paging={Object {}}
    subjects={Array []}
  />
  <Paginate
    onPageChange={[Function]}
    pageCount={1}
  />
</div>
`;
