// Jest Snapshot v1, https://goo.gl/fbAQLP

exports[`(Container) Change Password should populate errors on submit when register rejects with error 1`] = `
Object {
  "errors": Object {
    "username": "Error: Test error",
  },
}
`;

exports[`(Container) Change Password should render correctly when default props provided 1`] = `
<registerForm
  errors={Object {}}
  isLoading={false}
  onSubmit={[Function]}
  validatePassword={[Function]}
/>
`;
