// Jest Snapshot v1, https://goo.gl/fbAQLP

exports[`UsersProvider should render correctly 1`] = `
ShallowWrapper {
  "length": 1,
  Symbol(enzyme.__root__): [Circular],
  Symbol(enzyme.__unrendered__): <UsersProvider />,
  Symbol(enzyme.__renderer__): Object {
    "batchedUpdates": [Function],
    "getNode": [Function],
    "render": [Function],
    "simulateEvent": [Function],
    "unmount": [Function],
  },
  Symbol(enzyme.__node__): Object {
    "instance": null,
    "key": undefined,
    "nodeType": "function",
    "props": Object {
      "children": undefined,
      "value": Object {
        "deleteUser": [Function],
        "fetchUsers": [Function],
        "isLoading": false,
        "registerUser": [Function],
        "users": Array [],
      },
    },
    "ref": null,
    "rendered": null,
    "type": Object {
      "$$typeof": Symbol(react.provider),
      "_context": Object {
        "$$typeof": Symbol(react.context),
        "Consumer": [Circular],
        "Provider": [Circular],
        "_calculateChangedBits": null,
        "_changedBits": 0,
        "_changedBits2": 0,
        "_currentRenderer": null,
        "_currentRenderer2": null,
        "_currentValue": Object {
          "deleteUser": [Function],
          "fetchUsers": [Function],
          "isLoading": false,
          "registerUser": [Function],
          "users": Array [],
        },
        "_currentValue2": Object {
          "deleteUser": [Function],
          "fetchUsers": [Function],
          "isLoading": false,
          "registerUser": [Function],
          "users": Array [],
        },
        "_defaultValue": Object {
          "deleteUser": [Function],
          "fetchUsers": [Function],
          "isLoading": false,
          "registerUser": [Function],
          "users": Array [],
        },
      },
    },
  },
  Symbol(enzyme.__nodes__): Array [
    Object {
      "instance": null,
      "key": undefined,
      "nodeType": "function",
      "props": Object {
        "children": undefined,
        "value": Object {
          "deleteUser": [Function],
          "fetchUsers": [Function],
          "isLoading": false,
          "registerUser": [Function],
          "users": Array [],
        },
      },
      "ref": null,
      "rendered": null,
      "type": Object {
        "$$typeof": Symbol(react.provider),
        "_context": Object {
          "$$typeof": Symbol(react.context),
          "Consumer": [Circular],
          "Provider": [Circular],
          "_calculateChangedBits": null,
          "_changedBits": 0,
          "_changedBits2": 0,
          "_currentRenderer": null,
          "_currentRenderer2": null,
          "_currentValue": Object {
            "deleteUser": [Function],
            "fetchUsers": [Function],
            "isLoading": false,
            "registerUser": [Function],
            "users": Array [],
          },
          "_currentValue2": Object {
            "deleteUser": [Function],
            "fetchUsers": [Function],
            "isLoading": false,
            "registerUser": [Function],
            "users": Array [],
          },
          "_defaultValue": Object {
            "deleteUser": [Function],
            "fetchUsers": [Function],
            "isLoading": false,
            "registerUser": [Function],
            "users": Array [],
          },
        },
      },
    },
  ],
  Symbol(enzyme.__options__): Object {
    "adapter": ReactSixteenAdapter {
      "options": Object {
        "enableComponentDidUpdateOnSetState": true,
      },
    },
  },
}
`;

exports[`UsersProvider should throw error when deleting a user returned HTTP 404 1`] = `[Error: Error message]`;

exports[`UsersProvider should throw error when deleting a user returned HTTP 500 1`] = `[Error: Unknown error occurred]`;

exports[`UsersProvider should throw error when registering new user returned HTTP 400 1`] = `[Error: Error message]`;

exports[`UsersProvider should throw error when registering new user returned HTTP 500 1`] = `[Error: Unknown error occurred]`;
