// Jest Snapshot v1, https://goo.gl/fbAQLP

exports[`UsersProvider should render correctly 1`] = `
<[object Object]
  value={
    Object {
      "deleteUser": [Function],
      "fetchUsers": [Function],
      "isLoading": false,
      "registerUser": [Function],
      "users": Array [],
    }
  }
/>
`;

exports[`UsersProvider should throw error when deleting a user returned HTTP 404 1`] = `[Error: Error message]`;

exports[`UsersProvider should throw error when deleting a user returned HTTP 500 1`] = `[Error: Unknown error occurred]`;

exports[`UsersProvider should throw error when registering new user returned HTTP 400 1`] = `[Error: Error message]`;

exports[`UsersProvider should throw error when registering new user returned HTTP 500 1`] = `[Error: Unknown error occurred]`;
