// Jest Snapshot v1, https://goo.gl/fbAQLP

exports[`(Container) Users should render correctly 1`] = `
<Users
  isLoading={false}
  onChangePasswordClick={[Function]}
  onDeleteClick={[Function]}
  onRegisterUserClick={[Function]}
  users={
    Array [
      Object {
        "id": 1,
        "username": "admin",
      },
      Object {
        "id": 2,
        "username": "joe",
      },
      Object {
        "id": 3,
        "username": "marc",
      },
      Object {
        "id": 4,
        "username": "gina",
      },
    ]
  }
>
  <Component
    isOpen={false}
    onClose={[Function]}
    userId={0}
  />
</Users>
`;
