// Jest Snapshot v1, https://goo.gl/fbAQLP

exports[`(Elements SDK) Restriction should render correctly 1`] = `
<Restriction
  options={Object {}}
  subject={
    Subject {
      "_propagateMutation": [Function],
      "cg": v {
        "Events": y {
          "_events": Object {},
        },
        "Processors": Processors {
          "_request": s {
            "config": [Circular],
          },
        },
        "Subject": Subject {
          "_request": s {
            "config": [Circular],
          },
          "getRestrictions": [Function],
          "updateRestrictions": [Function],
        },
        "_config": Object {
          "apiKey": "test",
          "apiTimeout": 30,
          "apiUrl": "test",
          "apiVersion": undefined,
          "auth": null,
          "debug": false,
        },
      },
      "data": null,
      "isErased": false,
      "isFetched": false,
      "isGuest": true,
      "isLoading": false,
      "objection": null,
      "processors": null,
      "restrictions": null,
      "shares": null,
      "status": null,
    }
  }
>
  <div>
    <label />
    <div
      style={
        Object {
          "alignItems": "left",
          "display": "flex",
          "flexDirection": "column",
        }
      }
    />
  </div>
</Restriction>
`;
