// Jest Snapshot v1, https://goo.gl/fbAQLP

exports[`(Container) Add Processor should populate errors on submit when create processor rejects with error 1`] = `
Object {
  "errors": Object {
    "username": "Error: Test error",
  },
}
`;

exports[`(Container) Add Processor should render correctly when default props provided 1`] = `
ShallowWrapper {
  "length": 1,
  Symbol(enzyme.__root__): [Circular],
  Symbol(enzyme.__unrendered__): <AddProcessorContainer
    addProcessor={[MockFunction]}
    closePanel={[MockFunction]}
    isLoading={false}
  />,
  Symbol(enzyme.__renderer__): Object {
    "batchedUpdates": [Function],
    "getNode": [Function],
    "render": [Function],
    "simulateEvent": [Function],
    "unmount": [Function],
  },
  Symbol(enzyme.__node__): Object {
    "instance": null,
    "key": undefined,
    "nodeType": "function",
    "props": Object {
      "errors": Object {},
      "isLoading": undefined,
      "onSubmit": [Function],
    },
    "ref": null,
    "rendered": null,
    "type": [Function],
  },
  Symbol(enzyme.__nodes__): Array [
    Object {
      "instance": null,
      "key": undefined,
      "nodeType": "function",
      "props": Object {
        "errors": Object {},
        "isLoading": undefined,
        "onSubmit": [Function],
      },
      "ref": null,
      "rendered": null,
      "type": [Function],
    },
  ],
  Symbol(enzyme.__options__): Object {
    "adapter": ReactSixteenAdapter {
      "options": Object {
        "enableComponentDidUpdateOnSetState": true,
      },
    },
  },
}
`;
