// Jest Snapshot v1, https://goo.gl/fbAQLP

exports[`(Container) Add Processor should populate errors on submit when create rejects with error 1`] = `
Object {
  "errors": Object {
    "processor": "Error: Test error",
  },
}
`;

exports[`(Container) Add Processor should render correctly when default props provided 1`] = `
<EditProcessorForm
  errors={Object {}}
  onSubmit={[Function]}
/>
`;
