// Jest Snapshot v1, https://goo.gl/fbAQLP

exports[`(Container) Edit Processor should populate errors on submit when update rejects with error 1`] = `
Object {
  "errors": Object {
    "processor": "Error: Test error",
  },
}
`;

exports[`(Container) Edit Processor should render correctly when default props provided 1`] = `
<EditProcessorForm
  errors={Object {}}
  onSubmit={[Function]}
  values={Object {}}
/>
`;
