// Jest Snapshot v1, https://goo.gl/fbAQLP

exports[`(Container) Processors should render correctly 1`] = `
<Processors
  isLoading={false}
  onCreateProcessorClick={[Function]}
  onEditProcessorClick={[Function]}
  processors={
    Array [
      Object {
        "consented": 72,
        "description": "Lorem ipsum dolor sit amet consectetur adipisicing elit. Dolorum placeat neque, pariatur ipsa qui facere nobis error iste consectetur quo exercitationem!",
        "logoUrl": "nielsen.svg",
        "name": "Nielsen",
        "scopes": Array [
          "Full Name",
          "Email",
          "Phone Number",
        ],
      },
      Object {
        "consented": 64,
        "description": "Lorem ipsum dolor sit amet consectetur adipisicing elit. Dolorum placeat neque, pariatur ipsa qui facere nobis error iste consectetur quo exercitationem!",
        "logoUrl": "liveramp.svg",
        "name": "Live Ramp",
        "scopes": Array [
          "Email",
        ],
      },
      Object {
        "consented": 25,
        "description": "Lorem ipsum dolor sit amet consectetur adipisicing elit. Dolorum placeat neque, pariatur ipsa qui facere nobis error iste consectetur quo exercitationem!",
        "logoUrl": "experian.svg",
        "name": "Experian",
        "scopes": Array [
          "Full Name",
          "Phone Number",
        ],
      },
    ]
  }
/>
`;
