// Jest Snapshot v1, https://goo.gl/fbAQLP

exports[`(Container) Dashboard Should render without an error 1`] = `
<section
  className="cards"
>
  <SubjectsListContainer />
  <EventsListContainer
    webSocketUrl="ws://localhost:8082/api/management/events/feed"
  />
  <div
    className="row"
  >
    <[object Object] />
  </div>
</section>
`;
