// Jest Snapshot v1, https://goo.gl/fbAQLP

exports[`StatsProvider should render correctly 1`] = `
<[object Object]
  value={
    Object {
      "fetchStats": [Function],
      "isLoading": false,
      "stats": Object {
        "controller": Object {},
        "processors": Array [],
      },
    }
  }
/>
`;
