// Jest Snapshot v1, https://goo.gl/fbAQLP

exports[`(Component) Change Password should render correctly when no props provided 1`] = `
<React.Fragment>
  <TextInput
    field="newPassword"
    label="New password"
    placeholder="*********"
    type="password"
    validateOnBlur={true}
  />
  <TextInput
    field="newPasswordRepeat"
    label="Repeat new password"
    placeholder="*********"
    type="password"
    validateOnBlur={true}
  />
  <PrimaryButton
    text="Save"
    type="submit"
  />
</React.Fragment>
`;

exports[`(Component) Change Password should render correctly when the prop isLoading is set to false 1`] = `
<React.Fragment>
  <TextInput
    field="newPassword"
    label="New password"
    placeholder="*********"
    type="password"
    validateOnBlur={true}
  />
  <TextInput
    field="newPasswordRepeat"
    label="Repeat new password"
    placeholder="*********"
    type="password"
    validateOnBlur={true}
  />
  <PrimaryButton
    text="Save"
    type="submit"
  />
</React.Fragment>
`;

exports[`(Component) Change Password should render correctly when the prop isLoading is set to true 1`] = `
<React.Fragment>
  <TextInput
    field="newPassword"
    label="New password"
    placeholder="*********"
    type="password"
    validateOnBlur={true}
  />
  <TextInput
    field="newPasswordRepeat"
    label="Repeat new password"
    placeholder="*********"
    type="password"
    validateOnBlur={true}
  />
  <PrimaryButton
    text="Save"
    type="submit"
  />
</React.Fragment>
`;
