// Jest Snapshot v1, https://goo.gl/fbAQLP

exports[`(Component) Register should render correctly when no props provided 1`] = `
<React.Fragment>
  <TextInput
    field="username"
    label="Username"
    placeholder="mick.bern"
    required={true}
  />
  <TextInput
    field="password"
    label="New password"
    placeholder="*********"
    type="password"
  />
  <Component
    className="btn"
    text="Register"
    type="submit"
  />
</React.Fragment>
`;

exports[`(Component) Register should render correctly when the prop isLoading is set to false 1`] = `
<React.Fragment>
  <TextInput
    field="username"
    label="Username"
    placeholder="mick.bern"
    required={true}
  />
  <TextInput
    field="password"
    label="New password"
    placeholder="*********"
    type="password"
  />
  <Component
    className="btn"
    text="Register"
    type="submit"
  />
</React.Fragment>
`;

exports[`(Component) Register should render correctly when the prop isLoading is set to true 1`] = `
<React.Fragment>
  <TextInput
    field="username"
    label="Username"
    placeholder="mick.bern"
    required={true}
  />
  <TextInput
    field="password"
    label="New password"
    placeholder="*********"
    type="password"
  />
  <Component
    className="btn"
    text="Register"
    type="submit"
  />
</React.Fragment>
`;
