// Jest Snapshot v1, https://goo.gl/fbAQLP

exports[`(Component) Edit Processor Form should render correctly when no props provided 1`] = `
<React.Fragment>
  <TextInput
    field="name"
    label="Processor name"
    placeholder="Processor name"
    required={true}
    type="text"
  />
  <label
    htmlFor="description"
  >
    Description:
  </label>
  <TextArea
    field="description"
    id="description"
  />
  <TextInput
    field="logoUrl"
    label="Logo URL"
    placeholder="Processor Logo (URL)"
    required={true}
    type="url"
  />
  <label>
    Scopes:
  </label>
  <[object Object]
    scope="scopes"
  >
    <div
      key="0"
    >
      <Checkbox
        field="user:fullName"
        id="scopes-user:fullName"
      />
      <label
        htmlFor="scopes-user:fullName"
        key="0"
      >
        user:fullName
      </label>
    </div>
    <div
      key="1"
    >
      <Checkbox
        field="user:email"
        id="scopes-user:email"
      />
      <label
        htmlFor="scopes-user:email"
        key="1"
      >
        user:email
      </label>
    </div>
    <div
      key="2"
    >
      <Checkbox
        field="user:phoneNumber"
        id="scopes-user:phoneNumber"
      />
      <label
        htmlFor="scopes-user:phoneNumber"
        key="2"
      >
        user:phoneNumber
      </label>
    </div>
  </[object Object]>
  <button
    className="btn ui-action"
    type="submit"
  >
    Submit
  </button>
</React.Fragment>
`;

exports[`(Component) Edit Processor Form should render correctly when the prop isLoading is set to false 1`] = `
<React.Fragment>
  <TextInput
    field="name"
    label="Processor name"
    placeholder="Processor name"
    required={true}
    type="text"
  />
  <label
    htmlFor="description"
  >
    Description:
  </label>
  <TextArea
    field="description"
    id="description"
  />
  <TextInput
    field="logoUrl"
    label="Logo URL"
    placeholder="Processor Logo (URL)"
    required={true}
    type="url"
  />
  <label>
    Scopes:
  </label>
  <[object Object]
    scope="scopes"
  >
    <div
      key="0"
    >
      <Checkbox
        field="user:fullName"
        id="scopes-user:fullName"
      />
      <label
        htmlFor="scopes-user:fullName"
        key="0"
      >
        user:fullName
      </label>
    </div>
    <div
      key="1"
    >
      <Checkbox
        field="user:email"
        id="scopes-user:email"
      />
      <label
        htmlFor="scopes-user:email"
        key="1"
      >
        user:email
      </label>
    </div>
    <div
      key="2"
    >
      <Checkbox
        field="user:phoneNumber"
        id="scopes-user:phoneNumber"
      />
      <label
        htmlFor="scopes-user:phoneNumber"
        key="2"
      >
        user:phoneNumber
      </label>
    </div>
  </[object Object]>
  <button
    className="btn ui-action"
    type="submit"
  >
    Submit
  </button>
</React.Fragment>
`;

exports[`(Component) Edit Processor Form should render correctly when the prop isLoading is set to true 1`] = `
<React.Fragment>
  <TextInput
    field="name"
    label="Processor name"
    placeholder="Processor name"
    required={true}
    type="text"
  />
  <label
    htmlFor="description"
  >
    Description:
  </label>
  <TextArea
    field="description"
    id="description"
  />
  <TextInput
    field="logoUrl"
    label="Logo URL"
    placeholder="Processor Logo (URL)"
    required={true}
    type="url"
  />
  <label>
    Scopes:
  </label>
  <[object Object]
    scope="scopes"
  >
    <div
      key="0"
    >
      <Checkbox
        field="user:fullName"
        id="scopes-user:fullName"
      />
      <label
        htmlFor="scopes-user:fullName"
        key="0"
      >
        user:fullName
      </label>
    </div>
    <div
      key="1"
    >
      <Checkbox
        field="user:email"
        id="scopes-user:email"
      />
      <label
        htmlFor="scopes-user:email"
        key="1"
      >
        user:email
      </label>
    </div>
    <div
      key="2"
    >
      <Checkbox
        field="user:phoneNumber"
        id="scopes-user:phoneNumber"
      />
      <label
        htmlFor="scopes-user:phoneNumber"
        key="2"
      >
        user:phoneNumber
      </label>
    </div>
  </[object Object]>
  <button
    className="btn ui-action"
    type="submit"
  >
    Submit
  </button>
</React.Fragment>
`;
