// Jest Snapshot v1, https://goo.gl/fbAQLP

exports[`Initiate Rectification Error if error reason and payload are not provided 1`] = `
Object {
  "error": "Bad Request",
  "message": "child \\"requestReason\\" fails because [\\"requestReason\\" is required]",
  "statusCode": 400,
  "validation": Object {
    "keys": Array [
      "requestReason",
    ],
    "source": "body",
  },
}
`;
